// Jest Snapshot v1, https://goo.gl/fbAQLP

exports[`ProductCard renders correctly 1`] = `"<div style="display: flex; flex-direction: column; justify-content: center; align-items: center; padding: 0px 0.5rem; background: rgb(68, 68, 68); border-radius: 5px; box-shadow: 0 2px 4px rgba(0, 0, 0, 0.1); margin: 2rem;"><h1 style="color: rgb(255, 255, 255); font-size: 2rem; font-weight: bold;">CR90 corvette</h1><div style="width: 100%; margin: 0px; display: flex; flex-direction: row; justify-content: space-between; padding: 0.5rem; background: rgb(51, 51, 51); background-color: rgb(102, 102, 102);"><span style="text-align: left; font-weight: bold;">Class: </span><span style="text-align: right;">Corvette</span></div><div style="width: 100%; margin: 0px; display: flex; flex-direction: row; justify-content: space-between; padding: 0.5rem; background: rgb(51, 51, 51); background-color: rgb(51, 51, 51);"><span style="text-align: left; font-weight: bold;">Manufacturer: </span><span style="text-align: right;">Corellian Engineering Corporation</span></div><div style="width: 100%; margin: 0px; display: flex; flex-direction: row; justify-content: space-between; padding: 0.5rem; background: rgb(51, 51, 51); background-color: rgb(102, 102, 102);"><span style="text-align: left; font-weight: bold;">Model: </span><span style="text-align: right;">CR90 Corvette</span></div><div style="width: 100%; margin: 0px; display: flex; flex-direction: row; justify-content: space-between; padding: 0.5rem; background: rgb(51, 51, 51); background-color: rgb(51, 51, 51);"><span style="text-align: left; font-weight: bold;">Cargo Capacity: </span><span style="text-align: right;">3,000,000 kg</span></div><div style="width: 100%; margin: 0px; display: flex; flex-direction: row; justify-content: space-between; padding: 0.5rem; background: rgb(51, 51, 51); background-color: rgb(102, 102, 102);"><span style="text-align: left; font-weight: bold;">Passengers: </span><span style="text-align: right;">600</span></div><div style="width: 100%; margin: 0px; display: flex; flex-direction: row; justify-content: space-between; padding: 0.5rem; background: rgb(51, 51, 51); background-color: rgb(51, 51, 51);"><span style="text-align: left; font-weight: bold;">Crew: </span><span style="text-align: right;">30</span></div><div style="width: 100%; margin: 0px; display: flex; flex-direction: row; justify-content: space-between; padding: 0.5rem; background: rgb(51, 51, 51); background-color: rgb(102, 102, 102);"><span style="text-align: left; font-weight: bold;">Consumables: </span><span style="text-align: right;">1 years</span></div><div style="width: 100%; margin: 0px; display: flex; flex-direction: row; justify-content: space-between; padding: 0.5rem; background: rgb(51, 51, 51); background-color: rgb(51, 51, 51);"><span style="text-align: left; font-weight: bold;">Megalights: </span><span style="text-align: right;">60</span></div><div style="width: 100%; margin: 0px; display: flex; flex-direction: row; justify-content: space-between; padding: 0.5rem; background: rgb(51, 51, 51); background-color: rgb(102, 102, 102);"><span style="text-align: left; font-weight: bold;">Hyperdrive Rating: </span><span style="text-align: right;">2</span></div><div style="width: 100%; margin: 0px; display: flex; flex-direction: row; justify-content: space-between; padding: 0.5rem; background: rgb(51, 51, 51); background-color: rgb(51, 51, 51);"><span style="text-align: left; font-weight: bold;">Max Atmosphering Speed: </span><span style="text-align: right;">950 km/h</span></div><div style="width: 100%; margin: 0px; display: flex; flex-direction: row; justify-content: space-between; padding: 0.5rem; background: rgb(51, 51, 51); background-color: rgb(102, 102, 102);"><span style="text-align: left; font-weight: bold;">Length: </span><span style="text-align: right;">150 m</span></div><div style="width: 100%; margin: 0px; display: flex; flex-direction: row; justify-content: space-between; padding: 0.5rem; background: rgb(51, 51, 51); background-color: rgb(51, 51, 51);"><span style="text-align: left; font-weight: bold;">Cost: </span><span style="text-align: right;">â‚¹3,500,000</span></div><div style="margin: 1rem 0px; display: flex; flex-direction: row; justify-content: space-evenly; width: 100%;"><button class="cds--btn cds--btn--primary" type="button">-</button><button class="cds--btn cds--btn--primary" type="button">BUY</button><button class="cds--btn cds--btn--primary" type="button">+</button></div></div>"`;
